// Jest Snapshot v1, https://goo.gl/fbAQLP

exports[`Show Card component It should render with logo 1`] = `ShallowWrapper {}`;
