// Jest Snapshot v1, https://goo.gl/fbAQLP

exports[`Show Details component It should match snapshot 1`] = `ShallowWrapper {}`;
